// Jest Snapshot v1, https://goo.gl/fbAQLP

exports[`Parallelogram class Should draw the parallelogram 1`] = `
Array [
  Object {
    "props": Object {
      "path": Array [
        Object {
          "props": Object {},
          "transform": Array [
            1,
            0,
            0,
            1,
            0,
            0,
          ],
          "type": "beginPath",
        },
        Object {
          "props": Object {
            "x": 1,
            "y": 5,
          },
          "transform": Array [
            1,
            0,
            0,
            1,
            0,
            0,
          ],
          "type": "moveTo",
        },
        Object {
          "props": Object {
            "x": 1,
            "y": 5,
          },
          "transform": Array [
            1,
            0,
            0,
            1,
            0,
            0,
          ],
          "type": "lineTo",
        },
        Object {
          "props": Object {
            "x": 2,
            "y": 3,
          },
          "transform": Array [
            1,
            0,
            0,
            1,
            0,
            0,
          ],
          "type": "lineTo",
        },
        Object {
          "props": Object {
            "x": 3,
            "y": 6,
          },
          "transform": Array [
            1,
            0,
            0,
            1,
            0,
            0,
          ],
          "type": "lineTo",
        },
        Object {
          "props": Object {
            "x": 2,
            "y": 8,
          },
          "transform": Array [
            1,
            0,
            0,
            1,
            0,
            0,
          ],
          "type": "lineTo",
        },
        Object {
          "props": Object {},
          "transform": Array [
            1,
            0,
            0,
            1,
            0,
            0,
          ],
          "type": "closePath",
        },
      ],
    },
    "transform": Array [
      1,
      0,
      0,
      1,
      0,
      0,
    ],
    "type": "stroke",
  },
  Object {
    "props": Object {
      "maxWidth": null,
      "text": "Area: 5",
      "x": 10,
      "y": 30,
    },
    "transform": Array [
      1,
      0,
      0,
      1,
      0,
      0,
    ],
    "type": "fillText",
  },
]
`;
