// Jest Snapshot v1, https://goo.gl/fbAQLP

exports[`Center circle class Should draw the center circle 1`] = `
Array [
  Object {
    "props": Object {
      "path": Array [
        Object {
          "props": Object {},
          "transform": Array [
            1,
            0,
            0,
            1,
            0,
            0,
          ],
          "type": "beginPath",
        },
        Object {
          "props": Object {
            "anticlockwise": false,
            "endAngle": 6.283185307179586,
            "radius": 1,
            "startAngle": 0,
            "x": 1.5,
            "y": 3,
          },
          "transform": Array [
            1,
            0,
            0,
            1,
            0,
            0,
          ],
          "type": "arc",
        },
      ],
    },
    "transform": Array [
      1,
      0,
      0,
      1,
      0,
      0,
    ],
    "type": "stroke",
  },
]
`;
